Completed seed 400
Completed seed 401
Completed seed 402
Completed seed 403
Completed seed 404
Completed seed 405
Completed seed 406
Completed seed 407
Completed seed 408
Completed seed 409
Completed seed 410
Completed seed 411
Completed seed 412
Completed seed 413
Completed seed 414
Completed seed 415
[
  {
    "task": "numeric",
    "baseline": "lut2",
    "n": 16,
    "mean": 0.099609375,
    "variance": 0.02476806640625,
    "sd": 0.1573787355593188,
    "ci95": [
      0.029296875,
      0.17578125
    ],
    "ci_method": "seed percentile bootstrap, 10000 resamples",
    "p_signflip_two_sided": 0.0218505859375,
    "p_holm": 0.1031494140625
  },
  {
    "task": "numeric",
    "baseline": "gate2",
    "n": 16,
    "mean": 0.087890625,
    "variance": 0.01812744140625,
    "sd": 0.13463818702823505,
    "ci95": [
      0.02734375,
      0.15234375
    ],
    "ci_method": "seed percentile bootstrap, 10000 resamples",
    "p_signflip_two_sided": 0.0206298828125,
    "p_holm": 0.1031494140625
  },
  {
    "task": "selection",
    "baseline": "lut2",
    "n": 16,
    "mean": 0.017578125,
    "variance": 0.00963134765625,
    "sd": 0.09813942967151379,
    "ci95": [
      -0.029296875,
      0.064453125
    ],
    "ci_method": "seed percentile bootstrap, 10000 resamples",
    "p_signflip_two_sided": 0.5345458984375,
    "p_holm": 1
  },
  {
    "task": "selection",
    "baseline": "gate2",
    "n": 16,
    "mean": -0.0078125,
    "variance": 0.005403645833333333,
    "sd": 0.0735094948515723,
    "ci95": [
      -0.04296875,
      0.02734375
    ],
    "ci_method": "seed percentile bootstrap, 10000 resamples",
    "p_signflip_two_sided": 0.750579833984375,
    "p_holm": 1
  },
  {
    "task": "selection_minus_numeric",
    "baseline": "interaction",
    "n": 16,
    "mean": -0.08203125,
    "variance": 0.03943684895833333,
    "sd": 0.19858713190520008,
    "ci95": [
      -0.177734375,
      0.005859375
    ],
    "ci_method": "seed percentile bootstrap, 10000 resamples",
    "p_signflip_two_sided": 0.131591796875,
    "p_holm": 0.394775390625
  }
]
