numeric-500-gate2 unsat seconds 0.027
numeric-500-lut4 unknown seconds 10.498
selection-500-gate2 unsat seconds 0.033
selection-500-lut4 unknown seconds 10.596
numeric-501-gate2 unsat seconds 0.031
numeric-501-lut4 unsat seconds 2.329
selection-501-gate2 unsat seconds 0.035
selection-501-lut4 unknown seconds 10.649
numeric-502-gate2 unsat seconds 0.031
numeric-502-lut4 unknown seconds 10.682
selection-502-gate2 unsat seconds 0.032
selection-502-lut4 unsat seconds 3.877
numeric-503-gate2 unsat seconds 0.036
numeric-503-lut4 unknown seconds 10.657
selection-503-gate2 unsat seconds 0.032
selection-503-lut4 unknown seconds 10.671
numeric-504-gate2 unsat seconds 0.034
numeric-504-lut4 unsat seconds 3.248
selection-504-gate2 unsat seconds 0.032
selection-504-lut4 unknown seconds 10.695
numeric-505-gate2 unsat seconds 0.032
numeric-505-lut4 unsat seconds 0.252
selection-505-gate2 unsat seconds 0.03
selection-505-lut4 unsat seconds 0.159
numeric-506-gate2 unsat seconds 0.052
numeric-506-lut4 unsat seconds 3.298
selection-506-gate2 unsat seconds 0.032
selection-506-lut4 unsat seconds 7.406
numeric-507-gate2 unsat seconds 0.034
numeric-507-lut4 unsat seconds 1.596
selection-507-gate2 unsat seconds 0.032
selection-507-lut4 unknown seconds 10.708
numeric-508-gate2 unsat seconds 0.035
numeric-508-lut4 unknown seconds 10.669
selection-508-gate2 unsat seconds 0.034
selection-508-lut4 unsat seconds 0.746
numeric-509-gate2 unsat seconds 0.029
numeric-509-lut4 unknown seconds 10.632
selection-509-gate2 unsat seconds 0.028
selection-509-lut4 unknown seconds 10.659
numeric-510-gate2 unsat seconds 0.031
numeric-510-lut4 unknown seconds 10.737
selection-510-gate2 unsat seconds 0.031
selection-510-lut4 unsat seconds 3.587
numeric-511-gate2 unsat seconds 0.03
numeric-511-lut4 unsat seconds 4.394
selection-511-gate2 unsat seconds 0.025
selection-511-lut4 unknown seconds 10.347
numeric-512-gate2 unsat seconds 0.033
numeric-512-lut4 unsat seconds 2.788
selection-512-gate2 unsat seconds 0.029
selection-512-lut4 unsat seconds 3.794
numeric-513-gate2 unsat seconds 0.038
numeric-513-lut4 unknown seconds 10.649
selection-513-gate2 unsat seconds 0.03
selection-513-lut4 unsat seconds 3.554
numeric-514-gate2 unsat seconds 0.03
numeric-514-lut4 unknown seconds 10.492
selection-514-gate2 unsat seconds 0.031
selection-514-lut4 unsat seconds 7.78
numeric-515-gate2 unsat seconds 0.029
numeric-515-lut4 sat seconds 0.089
selection-515-gate2 unsat seconds 0.031
selection-515-lut4 unknown seconds 10.591
