numeric-500-gate2-bit0 sat
numeric-500-gate2-bit1 sat
numeric-500-gate2-bit2 unsat
numeric-500-gate2-bit3 unsat
numeric-500-lut4-bit0 sat
numeric-500-lut4-bit1 sat
numeric-500-lut4-bit2 sat
numeric-500-lut4-bit3 sat
selection-500-gate2-bit0 unsat
selection-500-gate2-bit1 unsat
selection-500-gate2-bit2 unsat
selection-500-gate2-bit3 unsat
selection-500-lut4-bit0 unknown
selection-500-lut4-bit1 unknown
selection-500-lut4-bit2 unknown
selection-500-lut4-bit3 unknown
numeric-501-gate2-bit0 sat
numeric-501-gate2-bit1 sat
numeric-501-gate2-bit2 unsat
numeric-501-gate2-bit3 unsat
numeric-501-lut4-bit0 sat
numeric-501-lut4-bit1 sat
numeric-501-lut4-bit2 sat
numeric-501-lut4-bit3 unknown
selection-501-gate2-bit0 unsat
selection-501-gate2-bit1 unsat
selection-501-gate2-bit2 unsat
selection-501-gate2-bit3 unsat
selection-501-lut4-bit0 sat
selection-501-lut4-bit1 unknown
selection-501-lut4-bit2 sat
selection-501-lut4-bit3 unsat
numeric-502-gate2-bit0 sat
numeric-502-gate2-bit1 sat
numeric-502-gate2-bit2 unsat
numeric-502-gate2-bit3 unsat
numeric-502-lut4-bit0 sat
numeric-502-lut4-bit1 sat
numeric-502-lut4-bit2 sat
numeric-502-lut4-bit3 unknown
selection-502-gate2-bit0 unsat
selection-502-gate2-bit1 unsat
selection-502-gate2-bit2 unsat
selection-502-gate2-bit3 unsat
selection-502-lut4-bit0 unknown
selection-502-lut4-bit1 unknown
selection-502-lut4-bit2 unknown
selection-502-lut4-bit3 unknown
numeric-503-gate2-bit0 sat
numeric-503-gate2-bit1 unsat
numeric-503-gate2-bit2 unsat
numeric-503-gate2-bit3 unsat
numeric-503-lut4-bit0 sat
numeric-503-lut4-bit1 sat
numeric-503-lut4-bit2 sat
numeric-503-lut4-bit3 unknown
selection-503-gate2-bit0 unsat
selection-503-gate2-bit1 unsat
selection-503-gate2-bit2 unsat
selection-503-gate2-bit3 unsat
selection-503-lut4-bit0 unknown
selection-503-lut4-bit1 unknown
selection-503-lut4-bit2 sat
selection-503-lut4-bit3 unknown
numeric-504-gate2-bit0 sat
numeric-504-gate2-bit1 sat
numeric-504-gate2-bit2 unsat
numeric-504-gate2-bit3 unsat
numeric-504-lut4-bit0 sat
numeric-504-lut4-bit1 sat
numeric-504-lut4-bit2 sat
numeric-504-lut4-bit3 unknown
selection-504-gate2-bit0 unsat
selection-504-gate2-bit1 unsat
selection-504-gate2-bit2 unsat
selection-504-gate2-bit3 unsat
selection-504-lut4-bit0 sat
selection-504-lut4-bit1 sat
selection-504-lut4-bit2 unknown
selection-504-lut4-bit3 sat
numeric-505-gate2-bit0 sat
numeric-505-gate2-bit1 sat
numeric-505-gate2-bit2 unsat
numeric-505-gate2-bit3 unsat
numeric-505-lut4-bit0 sat
numeric-505-lut4-bit1 sat
numeric-505-lut4-bit2 unsat
numeric-505-lut4-bit3 unknown
selection-505-gate2-bit0 unsat
selection-505-gate2-bit1 unsat
selection-505-gate2-bit2 unsat
selection-505-gate2-bit3 unsat
selection-505-lut4-bit0 unknown
selection-505-lut4-bit1 unknown
selection-505-lut4-bit2 unknown
selection-505-lut4-bit3 unknown
numeric-506-gate2-bit0 sat
numeric-506-gate2-bit1 unsat
numeric-506-gate2-bit2 unsat
numeric-506-gate2-bit3 unsat
numeric-506-lut4-bit0 sat
numeric-506-lut4-bit1 sat
numeric-506-lut4-bit2 sat
numeric-506-lut4-bit3 unknown
selection-506-gate2-bit0 unsat
selection-506-gate2-bit1 unsat
selection-506-gate2-bit2 unsat
selection-506-gate2-bit3 unsat
selection-506-lut4-bit0 sat
selection-506-lut4-bit1 sat
selection-506-lut4-bit2 unknown
selection-506-lut4-bit3 sat
numeric-507-gate2-bit0 sat
numeric-507-gate2-bit1 unsat
numeric-507-gate2-bit2 unsat
numeric-507-gate2-bit3 unsat
numeric-507-lut4-bit0 sat
numeric-507-lut4-bit1 sat
numeric-507-lut4-bit2 unknown
numeric-507-lut4-bit3 unknown
selection-507-gate2-bit0 unsat
selection-507-gate2-bit1 unsat
selection-507-gate2-bit2 unsat
selection-507-gate2-bit3 unsat
selection-507-lut4-bit0 sat
selection-507-lut4-bit1 sat
selection-507-lut4-bit2 unknown
selection-507-lut4-bit3 unsat
numeric-508-gate2-bit0 sat
numeric-508-gate2-bit1 unsat
numeric-508-gate2-bit2 unsat
numeric-508-gate2-bit3 unsat
numeric-508-lut4-bit0 sat
numeric-508-lut4-bit1 sat
numeric-508-lut4-bit2 sat
numeric-508-lut4-bit3 unknown
selection-508-gate2-bit0 unsat
selection-508-gate2-bit1 unsat
selection-508-gate2-bit2 unsat
selection-508-gate2-bit3 unsat
selection-508-lut4-bit0 unsat
selection-508-lut4-bit1 unknown
selection-508-lut4-bit2 unknown
selection-508-lut4-bit3 unknown
numeric-509-gate2-bit0 sat
numeric-509-gate2-bit1 unsat
numeric-509-gate2-bit2 unsat
numeric-509-gate2-bit3 unsat
numeric-509-lut4-bit0 sat
numeric-509-lut4-bit1 sat
numeric-509-lut4-bit2 sat
numeric-509-lut4-bit3 sat
selection-509-gate2-bit0 unsat
selection-509-gate2-bit1 unsat
selection-509-gate2-bit2 unsat
selection-509-gate2-bit3 unsat
selection-509-lut4-bit0 sat
selection-509-lut4-bit1 unknown
selection-509-lut4-bit2 unknown
selection-509-lut4-bit3 unknown
numeric-510-gate2-bit0 sat
numeric-510-gate2-bit1 unsat
numeric-510-gate2-bit2 unsat
numeric-510-gate2-bit3 unsat
numeric-510-lut4-bit0 sat
numeric-510-lut4-bit1 sat
numeric-510-lut4-bit2 sat
numeric-510-lut4-bit3 unknown
selection-510-gate2-bit0 unsat
selection-510-gate2-bit1 unsat
selection-510-gate2-bit2 unsat
selection-510-gate2-bit3 unsat
selection-510-lut4-bit0 unknown
selection-510-lut4-bit1 sat
selection-510-lut4-bit2 unknown
selection-510-lut4-bit3 unknown
numeric-511-gate2-bit0 sat
numeric-511-gate2-bit1 sat
numeric-511-gate2-bit2 unsat
numeric-511-gate2-bit3 unsat
numeric-511-lut4-bit0 sat
numeric-511-lut4-bit1 sat
numeric-511-lut4-bit2 sat
numeric-511-lut4-bit3 unknown
selection-511-gate2-bit0 unsat
selection-511-gate2-bit1 unsat
selection-511-gate2-bit2 unsat
selection-511-gate2-bit3 unsat
selection-511-lut4-bit0 sat
selection-511-lut4-bit1 sat
selection-511-lut4-bit2 unknown
selection-511-lut4-bit3 unknown
numeric-512-gate2-bit0 sat
numeric-512-gate2-bit1 sat
numeric-512-gate2-bit2 unsat
numeric-512-gate2-bit3 unsat
numeric-512-lut4-bit0 sat
numeric-512-lut4-bit1 sat
numeric-512-lut4-bit2 sat
numeric-512-lut4-bit3 unknown
selection-512-gate2-bit0 unsat
selection-512-gate2-bit1 unsat
selection-512-gate2-bit2 unsat
selection-512-gate2-bit3 unsat
selection-512-lut4-bit0 sat
selection-512-lut4-bit1 unknown
selection-512-lut4-bit2 sat
selection-512-lut4-bit3 unknown
numeric-513-gate2-bit0 sat
numeric-513-gate2-bit1 unsat
numeric-513-gate2-bit2 unsat
numeric-513-gate2-bit3 unsat
numeric-513-lut4-bit0 sat
numeric-513-lut4-bit1 sat
numeric-513-lut4-bit2 sat
numeric-513-lut4-bit3 unknown
selection-513-gate2-bit0 unsat
selection-513-gate2-bit1 unsat
selection-513-gate2-bit2 unsat
selection-513-gate2-bit3 unsat
selection-513-lut4-bit0 unknown
selection-513-lut4-bit1 unknown
selection-513-lut4-bit2 unknown
selection-513-lut4-bit3 sat
numeric-514-gate2-bit0 sat
numeric-514-gate2-bit1 unsat
numeric-514-gate2-bit2 unsat
numeric-514-gate2-bit3 unsat
numeric-514-lut4-bit0 sat
numeric-514-lut4-bit1 sat
numeric-514-lut4-bit2 sat
numeric-514-lut4-bit3 unknown
selection-514-gate2-bit0 unsat
selection-514-gate2-bit1 unsat
selection-514-gate2-bit2 unsat
selection-514-gate2-bit3 unsat
selection-514-lut4-bit0 sat
selection-514-lut4-bit1 sat
selection-514-lut4-bit2 unknown
selection-514-lut4-bit3 sat
numeric-515-gate2-bit0 sat
numeric-515-gate2-bit1 sat
numeric-515-gate2-bit2 unsat
numeric-515-gate2-bit3 unsat
numeric-515-lut4-bit0 sat
numeric-515-lut4-bit1 sat
numeric-515-lut4-bit2 sat
numeric-515-lut4-bit3 sat
selection-515-gate2-bit0 unsat
selection-515-gate2-bit1 unsat
selection-515-gate2-bit2 unsat
selection-515-gate2-bit3 unsat
selection-515-lut4-bit0 sat
selection-515-lut4-bit1 sat
selection-515-lut4-bit2 sat
selection-515-lut4-bit3 sat
