Completed seed 300
Completed seed 301
Completed seed 302
Completed seed 303
Completed seed 304
Completed seed 305
Completed seed 306
Completed seed 307
Completed seed 308
Completed seed 309
Completed seed 310
Completed seed 311
Completed seed 312
Completed seed 313
Completed seed 314
Completed seed 315
[
  {
    "task": "numeric",
    "baseline": "random_layered",
    "n": 16,
    "mean": -0.033203125,
    "variance": 0.024540201822916666,
    "sd": 0.15665312580001928,
    "ci95": [
      -0.10546875,
      0.04296875
    ],
    "ci_method": "seed percentile bootstrap, 10000 resamples",
    "p_signflip_two_sided": 0.4342041015625,
    "p_holm": 0.65478515625
  },
  {
    "task": "numeric",
    "baseline": "random_skip",
    "n": 16,
    "mean": 0.083984375,
    "variance": 0.00933837890625,
    "sd": 0.09663528810041391,
    "ci95": [
      0.0390625,
      0.12890625
    ],
    "ci_method": "seed percentile bootstrap, 10000 resamples",
    "p_signflip_two_sided": 0.004150390625,
    "p_holm": 0.020751953125
  },
  {
    "task": "selection",
    "baseline": "random_layered",
    "n": 16,
    "mean": 0.017578125,
    "variance": 0.00377197265625,
    "sd": 0.06141638752197983,
    "ci95": [
      -0.01171875,
      0.046875
    ],
    "ci_method": "seed percentile bootstrap, 10000 resamples",
    "p_signflip_two_sided": 0.327392578125,
    "p_holm": 0.65478515625
  },
  {
    "task": "selection",
    "baseline": "random_skip",
    "n": 16,
    "mean": 0.02734375,
    "variance": 0.003369140625,
    "sd": 0.05804429881564597,
    "ci95": [
      -0.001953125,
      0.052734375
    ],
    "ci_method": "seed percentile bootstrap, 10000 resamples",
    "p_signflip_two_sided": 0.1053466796875,
    "p_holm": 0.42138671875
  },
  {
    "task": "selection_minus_numeric",
    "baseline": "interaction",
    "n": 16,
    "mean": 0.05078125,
    "variance": 0.018863932291666666,
    "sd": 0.13734603121920438,
    "ci95": [
      -0.015625,
      0.11328125
    ],
    "ci_method": "seed percentile bootstrap, 10000 resamples",
    "p_signflip_two_sided": 0.17578125,
    "p_holm": 0.52734375
  }
]
